Archive member included because of file (symbol)

/usr/local/CrossPack-AVR-20100115/lib/gcc/avr/4.3.3/avr5/libgcc.a(_exit.o)
                              /usr/local/CrossPack-AVR-20100115/lib/gcc/avr/4.3.3/../../../../avr/lib/avr5/crtm162.o (exit)
/usr/local/CrossPack-AVR-20100115/lib/gcc/avr/4.3.3/avr5/libgcc.a(_clear_bss.o)
                              ../common/main.o (__do_clear_bss)

Allocating common symbols
Common symbol       size              file

global_var          0x1               ../common/main.o
global_test_var     0x2               ../common/main.o
global_prot_var     0x1               ../common/main.o

Memory Configuration

Name             Origin             Length             Attributes
text             0x00000000         0x00020000         xr
data             0x00800060         0x0000ffa0         rw !x
eeprom           0x00810000         0x00010000         rw !x
fuse             0x00820000         0x00000400         rw !x
lock             0x00830000         0x00000400         rw !x
signature        0x00840000         0x00000400         rw !x
*default*        0x00000000         0xffffffff

Linker script and memory map

Address of section .data set to 0x800100
LOAD /usr/local/CrossPack-AVR-20100115/lib/gcc/avr/4.3.3/../../../../avr/lib/avr5/crtm162.o
LOAD ../common/main.o
LOAD rs_receiver.o
LOAD rs_proto.o
LOAD ../common/uart.o
LOAD ../common/comm_proto.o
LOAD ../common/keys.o
LOAD /usr/local/CrossPack-AVR-20100115/lib/gcc/avr/4.3.3/avr5/libgcc.a
LOAD /usr/local/CrossPack-AVR-20100115/lib/gcc/avr/4.3.3/../../../../avr/lib/avr5/libc.a
LOAD /usr/local/CrossPack-AVR-20100115/lib/gcc/avr/4.3.3/avr5/libgcc.a

.hash
 *(.hash)

.dynsym
 *(.dynsym)

.dynstr
 *(.dynstr)

.gnu.version
 *(.gnu.version)

.gnu.version_d
 *(.gnu.version_d)

.gnu.version_r
 *(.gnu.version_r)

.rel.init
 *(.rel.init)

.rela.init
 *(.rela.init)

.rel.text
 *(.rel.text)
 *(.rel.text.*)
 *(.rel.gnu.linkonce.t*)

.rela.text
 *(.rela.text)
 *(.rela.text.*)
 *(.rela.gnu.linkonce.t*)

.rel.fini
 *(.rel.fini)

.rela.fini
 *(.rela.fini)

.rel.rodata
 *(.rel.rodata)
 *(.rel.rodata.*)
 *(.rel.gnu.linkonce.r*)

.rela.rodata
 *(.rela.rodata)
 *(.rela.rodata.*)
 *(.rela.gnu.linkonce.r*)

.rel.data
 *(.rel.data)
 *(.rel.data.*)
 *(.rel.gnu.linkonce.d*)

.rela.data
 *(.rela.data)
 *(.rela.data.*)
 *(.rela.gnu.linkonce.d*)

.rel.ctors
 *(.rel.ctors)

.rela.ctors
 *(.rela.ctors)

.rel.dtors
 *(.rel.dtors)

.rela.dtors
 *(.rela.dtors)

.rel.got
 *(.rel.got)

.rela.got
 *(.rela.got)

.rel.bss
 *(.rel.bss)

.rela.bss
 *(.rela.bss)

.rel.plt
 *(.rel.plt)

.rela.plt
 *(.rela.plt)

.text           0x00000000      0xbf6
 *(.vectors)
 .vectors       0x00000000       0x70 /usr/local/CrossPack-AVR-20100115/lib/gcc/avr/4.3.3/../../../../avr/lib/avr5/crtm162.o
                0x00000000                __vectors
                0x00000000                __vector_default
 *(.vectors)
 *(.progmem.gcc*)
 *(.progmem*)
                0x00000070                . = ALIGN (0x2)
                0x00000070                __trampolines_start = .
 *(.trampolines)
 .trampolines   0x00000070        0x0 linker stubs
 *(.trampolines*)
                0x00000070                __trampolines_end = .
 *(.jumptables)
 *(.jumptables*)
 *(.lowtext)
 *(.lowtext*)
                0x00000070                __ctors_start = .
 *(.ctors)
                0x00000070                __ctors_end = .
                0x00000070                __dtors_start = .
 *(.dtors)
                0x00000070                __dtors_end = .
 SORT(*)(.ctors)
 SORT(*)(.dtors)
 *(.init0)
 .init0         0x00000070        0x0 /usr/local/CrossPack-AVR-20100115/lib/gcc/avr/4.3.3/../../../../avr/lib/avr5/crtm162.o
                0x00000070                __init
 *(.init0)
 *(.init1)
 *(.init1)
 *(.init2)
 .init2         0x00000070        0xc /usr/local/CrossPack-AVR-20100115/lib/gcc/avr/4.3.3/../../../../avr/lib/avr5/crtm162.o
 *(.init2)
 *(.init3)
 *(.init3)
 *(.init4)
 .init4         0x0000007c       0x10 /usr/local/CrossPack-AVR-20100115/lib/gcc/avr/4.3.3/avr5/libgcc.a(_clear_bss.o)
                0x0000007c                __do_clear_bss
 *(.init4)
 *(.init5)
 *(.init5)
 *(.init6)
 *(.init6)
 *(.init7)
 *(.init7)
 *(.init8)
 .init8         0x0000008c        0x4 ../common/main.o
 *(.init8)
 *(.init9)
 .init9         0x00000090        0x8 /usr/local/CrossPack-AVR-20100115/lib/gcc/avr/4.3.3/../../../../avr/lib/avr5/crtm162.o
 *(.init9)
 *(.text)
 .text          0x00000098        0x4 /usr/local/CrossPack-AVR-20100115/lib/gcc/avr/4.3.3/../../../../avr/lib/avr5/crtm162.o
                0x00000098                __vector_22
                0x00000098                __vector_24
                0x00000098                __vector_12
                0x00000098                __bad_interrupt
                0x00000098                __vector_6
                0x00000098                __vector_3
                0x00000098                __vector_23
                0x00000098                __vector_25
                0x00000098                __vector_11
                0x00000098                __vector_13
                0x00000098                __vector_17
                0x00000098                __vector_19
                0x00000098                __vector_7
                0x00000098                __vector_27
                0x00000098                __vector_5
                0x00000098                __vector_4
                0x00000098                __vector_9
                0x00000098                __vector_8
                0x00000098                __vector_26
                0x00000098                __vector_14
                0x00000098                __vector_10
                0x00000098                __vector_18
 .text          0x0000009c       0xb4 ../common/main.o
                0x0000009c                main
                0x000000a2                handle_keys
 .text          0x00000150      0x388 rs_receiver.o
                0x00000254                __vector_1
                0x0000019a                rs_get_status
                0x0000020a                rs_get_data
                0x000001b4                rs_get_addr
                0x00000150                monitor_init
                0x00000222                __vector_2
                0x000001c4                __vector_15
                0x00000150                rs_init
                0x00000188                rs_overflow_status
                0x0000032a                __vector_16
 .text          0x000004d8       0x9c rs_proto.o
                0x000004d8                monitor_send
                0x000004d8                rs_send
 .text          0x00000574       0x9a ../common/uart.o
                0x00000588                uart0_put
                0x00000574                uart_init
                0x000005b2                __vector_21
                0x000005f8                uart0_get
 .text          0x0000060e      0x58c ../common/comm_proto.o
                0x0000072a                comm_forward
                0x0000064a                comm_sync_pause
                0x00000666                comm_end_frame
                0x000006e0                comm_start_frame
                0x00000696                comm_send_byte
                0x00000644                comm_start_idle_timer
                0x000006f4                comm_check_idle_timer
                0x000008d6                __vector_20
 .text          0x00000b9a       0x58 ../common/keys.o
                0x00000ba8                keys_update
                0x00000b9a                keys_init
                0x00000bec                keys_get_state
 .text          0x00000bf2        0x0 /usr/local/CrossPack-AVR-20100115/lib/gcc/avr/4.3.3/avr5/libgcc.a(_exit.o)
 .text          0x00000bf2        0x0 /usr/local/CrossPack-AVR-20100115/lib/gcc/avr/4.3.3/avr5/libgcc.a(_clear_bss.o)
                0x00000bf2                . = ALIGN (0x2)
 *(.text.*)
 .text.libgcc   0x00000bf2        0x0 /usr/local/CrossPack-AVR-20100115/lib/gcc/avr/4.3.3/avr5/libgcc.a(_exit.o)
 .text.libgcc   0x00000bf2        0x0 /usr/local/CrossPack-AVR-20100115/lib/gcc/avr/4.3.3/avr5/libgcc.a(_clear_bss.o)
                0x00000bf2                . = ALIGN (0x2)
 *(.fini9)
 .fini9         0x00000bf2        0x0 /usr/local/CrossPack-AVR-20100115/lib/gcc/avr/4.3.3/avr5/libgcc.a(_exit.o)
                0x00000bf2                exit
                0x00000bf2                _exit
 *(.fini9)
 *(.fini8)
 *(.fini8)
 *(.fini7)
 *(.fini7)
 *(.fini6)
 *(.fini6)
 *(.fini5)
 *(.fini5)
 *(.fini4)
 *(.fini4)
 *(.fini3)
 *(.fini3)
 *(.fini2)
 *(.fini2)
 *(.fini1)
 *(.fini1)
 *(.fini0)
 .fini0         0x00000bf2        0x4 /usr/local/CrossPack-AVR-20100115/lib/gcc/avr/4.3.3/avr5/libgcc.a(_exit.o)
 *(.fini0)
                0x00000bf6                _etext = .

.data           0x00800100        0x0 load address 0x00000bf6
                0x00800100                PROVIDE (__data_start, .)
 *(.data)
 .data          0x00800100        0x0 /usr/local/CrossPack-AVR-20100115/lib/gcc/avr/4.3.3/../../../../avr/lib/avr5/crtm162.o
 .data          0x00800100        0x0 ../common/main.o
 .data          0x00800100        0x0 rs_receiver.o
 .data          0x00800100        0x0 rs_proto.o
 .data          0x00800100        0x0 ../common/uart.o
 .data          0x00800100        0x0 ../common/comm_proto.o
 .data          0x00800100        0x0 ../common/keys.o
 .data          0x00800100        0x0 /usr/local/CrossPack-AVR-20100115/lib/gcc/avr/4.3.3/avr5/libgcc.a(_exit.o)
 .data          0x00800100        0x0 /usr/local/CrossPack-AVR-20100115/lib/gcc/avr/4.3.3/avr5/libgcc.a(_clear_bss.o)
 *(.data*)
 *(.rodata)
 *(.rodata*)
 *(.gnu.linkonce.d*)
                0x00800100                . = ALIGN (0x2)
                0x00800100                _edata = .
                0x00800100                PROVIDE (__data_end, .)

.bss            0x00800100       0x7a
                0x00800100                PROVIDE (__bss_start, .)
 *(.bss)
 .bss           0x00800100        0x0 /usr/local/CrossPack-AVR-20100115/lib/gcc/avr/4.3.3/../../../../avr/lib/avr5/crtm162.o
 .bss           0x00800100        0x0 ../common/main.o
 .bss           0x00800100       0x3b rs_receiver.o
 .bss           0x0080013b        0x0 rs_proto.o
 .bss           0x0080013b       0x12 ../common/uart.o
 .bss           0x0080014d       0x26 ../common/comm_proto.o
 .bss           0x00800173        0x3 ../common/keys.o
 .bss           0x00800176        0x0 /usr/local/CrossPack-AVR-20100115/lib/gcc/avr/4.3.3/avr5/libgcc.a(_exit.o)
 .bss           0x00800176        0x0 /usr/local/CrossPack-AVR-20100115/lib/gcc/avr/4.3.3/avr5/libgcc.a(_clear_bss.o)
 *(.bss*)
 *(COMMON)
 COMMON         0x00800176        0x4 ../common/main.o
                0x00800176                global_var
                0x00800177                global_test_var
                0x00800179                global_prot_var
                0x0080017a                PROVIDE (__bss_end, .)
                0x00000bf6                __data_load_start = LOADADDR (.data)
                0x00000bf6                __data_load_end = (__data_load_start + SIZEOF (.data))

.noinit         0x0080017a        0x0
                0x0080017a                PROVIDE (__noinit_start, .)
 *(.noinit*)
                0x0080017a                PROVIDE (__noinit_end, .)
                0x0080017a                _end = .
                0x0080017a                PROVIDE (__heap_start, .)

.eeprom         0x00810000        0x0
 *(.eeprom*)
                0x00810000                __eeprom_end = .

.fuse
 *(.fuse)
 *(.lfuse)
 *(.hfuse)
 *(.efuse)

.lock
 *(.lock*)

.signature
 *(.signature*)

.stab           0x00000000      0x6b4
 *(.stab)
 .stab          0x00000000      0x6b4 /usr/local/CrossPack-AVR-20100115/lib/gcc/avr/4.3.3/../../../../avr/lib/avr5/crtm162.o

.stabstr        0x00000000       0x82
 *(.stabstr)
 .stabstr       0x00000000       0x82 /usr/local/CrossPack-AVR-20100115/lib/gcc/avr/4.3.3/../../../../avr/lib/avr5/crtm162.o

.stab.excl
 *(.stab.excl)

.stab.exclstr
 *(.stab.exclstr)

.stab.index
 *(.stab.index)

.stab.indexstr
 *(.stab.indexstr)

.comment
 *(.comment)

.debug
 *(.debug)

.line
 *(.line)

.debug_srcinfo
 *(.debug_srcinfo)

.debug_sfnames
 *(.debug_sfnames)

.debug_aranges  0x00000000       0xc8
 *(.debug_aranges)
 .debug_aranges
                0x00000000       0x28 ../common/main.o
 .debug_aranges
                0x00000028       0x20 rs_receiver.o
 .debug_aranges
                0x00000048       0x20 rs_proto.o
 .debug_aranges
                0x00000068       0x20 ../common/uart.o
 .debug_aranges
                0x00000088       0x20 ../common/comm_proto.o
 .debug_aranges
                0x000000a8       0x20 ../common/keys.o

.debug_pubnames
                0x00000000      0x26a
 *(.debug_pubnames)
 .debug_pubnames
                0x00000000       0x62 ../common/main.o
 .debug_pubnames
                0x00000062       0xa5 rs_receiver.o
 .debug_pubnames
                0x00000107       0x1e rs_proto.o
 .debug_pubnames
                0x00000125       0x4c ../common/uart.o
 .debug_pubnames
                0x00000171       0xb6 ../common/comm_proto.o
 .debug_pubnames
                0x00000227       0x43 ../common/keys.o

.debug_info     0x00000000     0x10fe
 *(.debug_info)
 .debug_info    0x00000000      0x1e7 ../common/main.o
 .debug_info    0x000001e7      0x4a3 rs_receiver.o
 .debug_info    0x0000068a       0xb9 rs_proto.o
 .debug_info    0x00000743      0x1cf ../common/uart.o
 .debug_info    0x00000912      0x6d0 ../common/comm_proto.o
 .debug_info    0x00000fe2      0x11c ../common/keys.o
 *(.gnu.linkonce.wi.*)

.debug_abbrev   0x00000000      0x7f3
 *(.debug_abbrev)
 .debug_abbrev  0x00000000      0x11c ../common/main.o
 .debug_abbrev  0x0000011c      0x1f4 rs_receiver.o
 .debug_abbrev  0x00000310       0x5b rs_proto.o
 .debug_abbrev  0x0000036b      0x145 ../common/uart.o
 .debug_abbrev  0x000004b0      0x2af ../common/comm_proto.o
 .debug_abbrev  0x0000075f       0x94 ../common/keys.o

.debug_line     0x00000000     0x1399
 *(.debug_line)
 .debug_line    0x00000000      0x219 ../common/main.o
 .debug_line    0x00000219      0x565 rs_receiver.o
 .debug_line    0x0000077e      0x175 rs_proto.o
 .debug_line    0x000008f3      0x1bc ../common/uart.o
 .debug_line    0x00000aaf      0x78e ../common/comm_proto.o
 .debug_line    0x0000123d      0x15c ../common/keys.o

.debug_frame    0x00000000      0x240
 *(.debug_frame)
 .debug_frame   0x00000000       0x50 ../common/main.o
 .debug_frame   0x00000050       0xa0 rs_receiver.o
 .debug_frame   0x000000f0       0x20 rs_proto.o
 .debug_frame   0x00000110       0x50 ../common/uart.o
 .debug_frame   0x00000160       0xa0 ../common/comm_proto.o
 .debug_frame   0x00000200       0x40 ../common/keys.o

.debug_str      0x00000000      0x5ad
 *(.debug_str)
 .debug_str     0x00000000      0x189 ../common/main.o
                                0x1d5 (size before relaxing)
 .debug_str     0x00000189      0x190 rs_receiver.o
                                0x2e5 (size before relaxing)
 .debug_str     0x00000319       0x24 rs_proto.o
                                0x10d (size before relaxing)
 .debug_str     0x0000033d       0x4b ../common/uart.o
                                0x16d (size before relaxing)
 .debug_str     0x00000388      0x1c6 ../common/comm_proto.o
                                0x35b (size before relaxing)
 .debug_str     0x0000054e       0x5f ../common/keys.o
                                0x14c (size before relaxing)

.debug_loc      0x00000000      0x9c4
 *(.debug_loc)
 .debug_loc     0x00000000      0x12f ../common/main.o
 .debug_loc     0x0000012f      0x226 rs_receiver.o
 .debug_loc     0x00000355       0x9c rs_proto.o
 .debug_loc     0x000003f1       0x44 ../common/uart.o
 .debug_loc     0x00000435      0x54b ../common/comm_proto.o
 .debug_loc     0x00000980       0x44 ../common/keys.o

.debug_macinfo
 *(.debug_macinfo)
OUTPUT(rsmon.elf elf32-avr)
LOAD linker stubs

.debug_ranges   0x00000000      0x1b8
 .debug_ranges  0x00000000       0x30 ../common/main.o
 .debug_ranges  0x00000030      0x188 ../common/comm_proto.o
